// Jest Snapshot v1, https://goo.gl/fbAQLP

exports[`<HotelCard /> @renders default render 1`] = `
<styles__Container
  className={null}
>
  <styles__ImageContainer>
    <styles__Image
      src="/static/shared-room.jpg"
    />
  </styles__ImageContainer>
  <styles__FlexColumn>
    <styles__H2>
      Shared room
    </styles__H2>
    <styles__List>
      <styles__ListItem
        key="0"
      >
        Bunk bed in dormitory
      </styles__ListItem>
      <styles__ListItem
        key="1"
      >
        Private bathroom
      </styles__ListItem>
      <styles__ListItem
        key="2"
      >
        Flat screen TV
      </styles__ListItem>
    </styles__List>
    <div>
      <styles__Price>
        $18.89
      </styles__Price>
      <styles__PerNight>
        per night
      </styles__PerNight>
    </div>
    <div>
      <styles__Price
        disabled={true}
      >
        $22
      </styles__Price>
      <styles__PerNight
        disabled={true}
      >
        per night
      </styles__PerNight>
    </div>
    <Button
      onClick={[Function]}
      type="button"
    >
      Book Now
    </Button>
  </styles__FlexColumn>
</styles__Container>
`;
