// Jest Snapshot v1, https://goo.gl/fbAQLP

exports[`<AmenitiesRow /> @renders with 3 amenities 1`] = `
<styles__Container>
  <styles__List>
    <ListItem
      key="amentity-0"
    >
      <styles__Icon>
        <Wifi
          className=""
        />
      </styles__Icon>
      <styles__IconLabel>
        Wifi
      </styles__IconLabel>
    </ListItem>
    <ListItem
      key="amentity-1"
    >
      <styles__Icon>
        <Bar
          className=""
        />
      </styles__Icon>
      <styles__IconLabel>
        Bar
      </styles__IconLabel>
    </ListItem>
    <ListItem
      key="amentity-2"
    >
      <styles__Icon>
        <AC
          className=""
        />
      </styles__Icon>
      <styles__IconLabel>
        A/C
      </styles__IconLabel>
    </ListItem>
  </styles__List>
  <ShowMoreButton
    onClick={[Function]}
    type="button"
  >
    + Show all amenities
  </ShowMoreButton>
</styles__Container>
`;

exports[`<AmenitiesRow /> @renders with more than 3 amenities 1`] = `
<ShowMoreButton
  onClick={[Function]}
  type="button"
>
  + Show all amenities
</ShowMoreButton>
`;
