// Jest Snapshot v1, https://goo.gl/fbAQLP

exports[`<TicketCard /> @renders default render 1`] = `
<styles__Wrapper
  className={null}
>
  <styles__ColumnContainer>
    <styles__Test>
      <styles__TicketDetails>
        <Ticket
          className=""
        />
        <styles__H2>
          Shared room
        </styles__H2>
      </styles__TicketDetails>
      <styles__Price>
        $18.89
      </styles__Price>
    </styles__Test>
    <PlusMinusBasket
      onClick={[Function]}
      quantity={0}
    />
  </styles__ColumnContainer>
</styles__Wrapper>
`;
